Microchip MPLAB XC8 Compiler V2.46

Linker command line:

-W-3 \
  --edf=C:\Program Files\Microchip\xc8\v2.46\pic\dat\20240104201356_en.msgs \
  -cn -h+dist/default/debug\My_Drivers.debug.sym \
  --cmf=dist/default/debug\My_Drivers.debug.cmf -z -Q18F4620 \
  -oC:\Users\Yasser\AppData\Local\Temp\xcAs2i0.\driver_tmp_3.o \
  --defsym=__MPLAB_BUILD=1 --fixupoverflow=error \
  -Mdist/default/debug/My_Drivers.debug.map \
  --md=C:\Users\Yasser\AppData\Local\Temp\xcAs2i0.\driver_tmp_0.dat -E1 \
  -ver=XC8 Compiler --acfsm=1493 -ACODE=00h-0FFFFh -ACONST=00h-0FFFFh \
  -ASMALLCONST=01000h-010FFhx240 -AMEDIUMCONST=01000h-0FFFFh \
  -ACOMRAM=01h-07Fh -AABS1=00h-0F7Fh -ABIGRAM=01h-0F7Fh \
  -ARAM=080h-0FFh,0100h-01FFhx14,0F00h-0F7Fh -ABANK0=080h-0FFh \
  -ABANK1=0100h-01FFh -ABANK2=0200h-02FFh -ABANK3=0300h-03FFh \
  -ABANK4=0400h-04FFh -ABANK5=0500h-05FFh -ABANK6=0600h-06FFh \
  -ABANK7=0700h-07FFh -ABANK8=0800h-08FFh -ABANK9=0900h-09FFh \
  -ABANK10=0A00h-0AFFh -ABANK11=0B00h-0BFFh -ABANK12=0C00h-0CFFh \
  -ABANK13=0D00h-0DFFh -ABANK14=0E00h-0EFFh -ABANK15=0F00h-0F7Fh \
  -ASFR=0F80h-0FFFh -ABIGSFR=0F80h-0FFFh -ACONFIG=0300000h-030000Dh \
  -AIDLOC=0200000h-0200007h -AEEDATA=0F00000h-0F003FFh -peeprom_data=EEDATA \
  -preset_vec=00h,intcode,sivt_hi,intcodelo,sivt_lo,powerup,init \
  -pramtop=01000h -psmallconst=SMALLCONST -pmediumconst=MEDIUMCONST \
  -pconst=CONST -AFARRAM=00h-00h \
  -prdata=COMRAM,nvrram=COMRAM,nvbit=COMRAM,rbss=COMRAM,rbit=COMRAM \
  -pfarbss=FARRAM,fardata=FARRAM,nvFARRAM=FARRAM \
  -pintsave_regs=BIGRAM,bigbss=BIGRAM,bigdata=BIGRAM -pbss=RAM \
  -pidata=CODE,irdata=CODE,ibigdata=CODE,ifardata=CODE -prparam=COMRAM \
  C:\Users\Yasser\AppData\Local\Temp\xcAs2i0.\driver_tmp_14.o \
  dist/default/debug\My_Drivers.debug.o 

Object code version is 3.11

Machine type is 18F4620



                Name                               Link     Load   Length Selector   Space Scale
C:\Users\Yasser\AppData\Local\Temp\xcAs2i0.\driver_tmp_14.o
                idloc                            200000   200000        8        0       5
                config                           300000   300000        E        0       4
                init                                  0        0        4        0       0
dist/default/debug\My_Drivers.debug.o
                idloc                            200000   200000        8        0       5
                config                           300000   300000        E        0       4
                smallconst                         1000     1000       66      800       0
                text54                             32FE     32FE      1B4      833       0
                text53                             377A     377A      112      833       0
                text52                             388C     388C      110      833       0
                text51                             466E     466E       5E      833       0
                text50                             45A0     45A0       68      833       0
                text49                             4C26     4C26       22      833       0
                text48                             491A     491A       46      833       0
                text47                             4728     4728       5C      833       0
                text46                             3F80     3F80       E2      833       0
                text45                             4C48     4C48       12      833       0
                text44                             4C5A     4C5A        6      833       0
                text43                             4B0E     4B0E       38      833       0
                text42                             399C     399C      10C      833       0
                text41                             3DB0     3DB0       EC      833       0
                text40                             4B7C     4B7C       34      833       0
                text39                             4C60     4C60        2      833       0
                text38                             4062     4062       BA      833       0
                text37                             49E2     49E2       40      833       0
                text36                             4608     4608       66      833       0
                text35                             311E     311E      1E0      833       0
                text34                             2B72     2B72      39A      833       0
                text33                             411C     411C       AA      833       0
                text32                             3BAE     3BAE      104      833       0
                text31                             1F52     1F52      42A      833       0
                text30                             4AD6     4AD6       38      833       0
                text29                             1A92     1A92      4C0      833       0
                text28                             48D4     48D4       46      833       0
                text27                             3AA8     3AA8      106      833       0
                text26                             3CB2     3CB2       FE      833       0
                text25                             2F0C     2F0C      212      833       0
                text24                             47DC     47DC       56      833       0
                text23                             4884     4884       50      833       0
                text22                             4A9C     4A9C       3A      833       0
                text21                             1066     1066      A2C      833       0
                text20                             4BDC     4BDC       26      833       0
                text19                             41C6     41C6       A6      833       0
                text18                             4310     4310       A4      833       0
                text17                             43B4     43B4       88      833       0
                text16                             3626     3626      154      833       0
                text15                             237C     237C      3FC      833       0
                text14                             4A22     4A22       3E      833       0
                text13                             49A2     49A2       40      833       0
                text12                             4784     4784       58      833       0
                text11                             4832     4832       52      833       0
                text10                             4536     4536       6A      833       0
                text9                              34B2     34B2      174      833       0
                text8                              4C02     4C02       24      833       0
                text7                              426C     426C       A4      833       0
                text6                              3E9C     3E9C       E4      833       0
                text5                              46CC     46CC       5C      833       0
                text4                              44C0     44C0       76      833       0
                text3                              4A60     4A60       3C      833       0
                text2                              443C     443C       84      833       0
                text1                              4B46     4B46       36      833       0
                text0                              2778     2778      3FA      833       0
                cstackCOMRAM                          1        1       7E        1       1
                cstackBANK0                          DF       DF       1D       80       1
                bssBANK1                            100      100       71      100       1
                dataBANK0                            B3       B3       2C       80       1
                bssBANK0                             80       80       33       80       1
                cinit                              4960     4960       42      833       0
                nvCOMRAM                             7F       7F        1        1       1
                idataBANK0                         4BB0     4BB0       2C      833       0

TOTAL           Name                               Link     Load   Length     Space
        CLASS   CODE           
                init                                  0        0        4         0
                text54                             32FE     32FE      1B4         0
                text53                             377A     377A      112         0
                text52                             388C     388C      110         0
                text51                             466E     466E       5E         0
                text50                             45A0     45A0       68         0
                text49                             4C26     4C26       22         0
                text48                             491A     491A       46         0
                text47                             4728     4728       5C         0
                text46                             3F80     3F80       E2         0
                text45                             4C48     4C48       12         0
                text44                             4C5A     4C5A        6         0
                text43                             4B0E     4B0E       38         0
                text42                             399C     399C      10C         0
                text41                             3DB0     3DB0       EC         0
                text40                             4B7C     4B7C       34         0
                text39                             4C60     4C60        2         0
                text38                             4062     4062       BA         0
                text37                             49E2     49E2       40         0
                text36                             4608     4608       66         0
                text35                             311E     311E      1E0         0
                text34                             2B72     2B72      39A         0
                text33                             411C     411C       AA         0
                text32                             3BAE     3BAE      104         0
                text31                             1F52     1F52      42A         0
                text30                             4AD6     4AD6       38         0
                text29                             1A92     1A92      4C0         0
                text28                             48D4     48D4       46         0
                text27                             3AA8     3AA8      106         0
                text26                             3CB2     3CB2       FE         0
                text25                             2F0C     2F0C      212         0
                text24                             47DC     47DC       56         0
                text23                             4884     4884       50         0
                text22                             4A9C     4A9C       3A         0
                text21                             1066     1066      A2C         0
                text20                             4BDC     4BDC       26         0
                text19                             41C6     41C6       A6         0
                text18                             4310     4310       A4         0
                text17                             43B4     43B4       88         0
                text16                             3626     3626      154         0
                text15                             237C     237C      3FC         0
                text14                             4A22     4A22       3E         0
                text13                             49A2     49A2       40         0
                text12                             4784     4784       58         0
                text11                             4832     4832       52         0
                text10                             4536     4536       6A         0
                text9                              34B2     34B2      174         0
                text8                              4C02     4C02       24         0
                text7                              426C     426C       A4         0
                text6                              3E9C     3E9C       E4         0
                text5                              46CC     46CC       5C         0
                text4                              44C0     44C0       76         0
                text3                              4A60     4A60       3C         0
                text2                              443C     443C       84         0
                text1                              4B46     4B46       36         0
                text0                              2778     2778      3FA         0
                cinit                              4960     4960       42         0
                idataBANK0                         4BB0     4BB0       2C         0

        CLASS   CONST          

        CLASS   SMALLCONST     
                smallconst                         1000     1000       66         0

        CLASS   MEDIUMCONST    

        CLASS   COMRAM         
                cstackCOMRAM                          1        1       7E         1
                nvCOMRAM                             7F       7F        1         1

        CLASS   ABS1           

        CLASS   BIGRAM         

        CLASS   RAM            

        CLASS   BANK0          
                cstackBANK0                          DF       DF       1D         1
                dataBANK0                            B3       B3       2C         1
                bssBANK0                             80       80       33         1

        CLASS   BANK1          
                bssBANK1                            100      100       71         1

        CLASS   BANK2          

        CLASS   BANK3          

        CLASS   BANK4          

        CLASS   BANK5          

        CLASS   BANK6          

        CLASS   BANK7          

        CLASS   BANK8          

        CLASS   BANK9          

        CLASS   BANK10         

        CLASS   BANK11         

        CLASS   BANK12         

        CLASS   BANK13         

        CLASS   BANK14         

        CLASS   BANK15         

        CLASS   SFR            

        CLASS   BIGSFR         

        CLASS   CONFIG         
                config                           300000   300000        E         4

        CLASS   IDLOC          
                idloc                            200000   200000        8         5

        CLASS   EEDATA         

        CLASS   FARRAM         

        CLASS   HEAP           

        CLASS   STACK          



SEGMENTS        Name                           Load    Length   Top    Selector   Space  Class

                reset_vec                      000000  000004  000004         0       0  CODE    
                cstackCOMRAM                   000001  00007F  000080         1       1  COMRAM  
                bssBANK0                       000080  00007C  0000FC        80       1  BANK0   
                bssBANK1                       000100  000071  000171       100       1  BANK1   
                smallconst                     001000  000066  001066       800       0  SMALLCON
                text21                         001066  003BFC  004C62       833       0  CODE    


UNUSED ADDRESS RANGES

        Name                Unused          Largest block    Delta
        BANK0            0000FC-0000FF                4
        BANK1            000171-0001FF               8F
        BANK10           000A00-000AFF              100
        BANK11           000B00-000BFF              100
        BANK12           000C00-000CFF              100
        BANK13           000D00-000DFF              100
        BANK14           000E00-000EFF              100
        BANK15           000F00-000F7F               80
        BANK2            000200-0002FF              100
        BANK3            000300-0003FF              100
        BANK4            000400-0004FF              100
        BANK5            000500-0005FF              100
        BANK6            000600-0006FF              100
        BANK7            000700-0007FF              100
        BANK8            000800-0008FF              100
        BANK9            000900-0009FF              100
        BIGRAM           0000FC-0000FF                4
                         000171-000F7F              E0F
        BIGSFR           000F80-000FFF               80
        CODE             000004-000FFF              FFC
                         004C62-00FFFF             B39E
        CONST            000004-000FFF              FFC
                         004C62-00FFFF             B39E
        EEDATA           F00000-F003FF              400
        MEDIUMCONST      004C62-00FFFF             B39E
        RAM              0000FC-0000FF                4
                         000171-000F7F              100
        SFR              000F80-000FFF               80
        SMALLCONST       004C62-00FFFF              100

                                  Symbol Table

?___aldiv                                cstackCOMRAM 000001
?___almod                                cstackCOMRAM 000001
?___fladd                                cstackCOMRAM 000001
?___fldiv                                cstackCOMRAM 00000F
?___flmul                                cstackCOMRAM 000001
?___flneg                                cstackCOMRAM 000001
?___flsub                                cstackCOMRAM 00001A
?___fltol                                cstackCOMRAM 000001
?___fpclassifyf                          cstackCOMRAM 000001
?___lldiv                                cstackCOMRAM 000001
?___llmod                                cstackCOMRAM 000001
?___lmul                                 cstackCOMRAM 000001
?___wmul                                 cstackCOMRAM 000001
?___xxtofl                               cstackCOMRAM 000001
?_abs                                    cstackCOMRAM 00000B
?_atol                                   cstackCOMRAM 00000D
?_floorf                                 cstackCOMRAM 000028
?_labs                                   cstackCOMRAM 000001
?_read_prec_or_width                     cstackCOMRAM 000007
?_sprintf                                cstackBANK0  0000E0
?_vfprintf                               cstackCOMRAM 00007C
_LATA                                    (abs)        000F89
_LATB                                    (abs)        000F8A
_LATC                                    (abs)        000F8B
_LATD                                    (abs)        000F8C
_LATE                                    (abs)        000F8D
_PORTA                                   (abs)        000F80
_PORTB                                   (abs)        000F81
_PORTC                                   (abs)        000F82
_PORTD                                   (abs)        000F83
_PORTE                                   (abs)        000F84
_TRISA                                   (abs)        000F92
_TRISB                                   (abs)        000F93
_TRISC                                   (abs)        000F94
_TRISD                                   (abs)        000F95
_TRISE                                   (abs)        000F96
__HRAM                                   (abs)        000000
__H__absolute__                          __absolute__ 000000
__Habs1                                  abs1         000000
__Hbank0                                 bank0        000000
__Hbank1                                 bank1        000000
__Hbank10                                bank10       000000
__Hbank11                                bank11       000000
__Hbank12                                bank12       000000
__Hbank13                                bank13       000000
__Hbank14                                bank14       000000
__Hbank15                                bank15       000000
__Hbank2                                 bank2        000000
__Hbank3                                 bank3        000000
__Hbank4                                 bank4        000000
__Hbank5                                 bank5        000000
__Hbank6                                 bank6        000000
__Hbank7                                 bank7        000000
__Hbank8                                 bank8        000000
__Hbank9                                 bank9        000000
__Hbigbss                                bigbss       000000
__Hbigdata                               bigdata      000000
__Hbigram                                bigram       000000
__Hbigsfr                                bigsfr       000000
__Hbss                                   bss          000000
__HbssBANK0                              bssBANK0     000000
__HbssBANK1                              bssBANK1     000000
__Hcinit                                 cinit        000000
__Hclrtext                               clrtext      000000
__Hcomram                                comram       000000
__Hconfig                                config       30000E
__Hconst                                 const        000000
__HcstackBANK0                           cstackBANK0  000000
__HcstackCOMRAM                          cstackCOMRAM 000000
__Hdata                                  data         000000
__HdataBANK0                             dataBANK0    000000
__Heeprom_data                           eeprom_data  000000
__Hfarbss                                farbss       000000
__Hfardata                               fardata      000000
__Hheap                                  heap         000000
__Hibigdata                              ibigdata     000000
__Hidata                                 idata        000000
__HidataBANK0                            idataBANK0   000000
__Hidloc                                 idloc        200008
__Hifardata                              ifardata     000000
__Hinit                                  init         000004
__Hintcode                               intcode      000000
__Hintcode_body                          intcode_body 000000
__Hintcodelo                             intcodelo    000000
__Hintentry                              intentry     000000
__Hintret                                intret       000000
__Hintsave_regs                          intsave_regs 000000
__Hirdata                                irdata       000000
__Hmediumconst                           mediumconst  000000
__HnvCOMRAM                              nvCOMRAM     000000
__HnvFARRAM                              nvFARRAM     000000
__Hnvbit                                 nvbit        000000
__Hnvrram                                nvrram       000000
__Hparam                                 rparam       000000
__Hpowerup                               powerup      000000
__Hram                                   ram          000000
__Hramtop                                ramtop       001000
__Hrbit                                  rbit         000000
__Hrbss                                  rbss         000000
__Hrdata                                 rdata        000000
__Hreset_vec                             reset_vec    000000
__Hrparam                                rparam       000000
__Hsfr                                   sfr          000000
__Hsivt_hi                               sivt_hi      000000
__Hsivt_lo                               sivt_lo      000000
__Hsmallconst                            smallconst   001066
__Hspace_0                               (abs)        004C62
__Hspace_1                               (abs)        000171
__Hspace_2                               (abs)        000000
__Hspace_4                               (abs)        60000E
__Hstack                                 stack        000000
__Hstruct                                struct       000000
__Htemp                                  temp         000000
__Htext                                  text         000000
__Htext0                                 text0        000000
__Htext1                                 text1        000000
__Htext10                                text10       000000
__Htext11                                text11       000000
__Htext12                                text12       000000
__Htext13                                text13       000000
__Htext14                                text14       000000
__Htext15                                text15       000000
__Htext16                                text16       000000
__Htext17                                text17       000000
__Htext18                                text18       000000
__Htext19                                text19       000000
__Htext2                                 text2        000000
__Htext20                                text20       000000
__Htext21                                text21       000000
__Htext22                                text22       000000
__Htext23                                text23       000000
__Htext24                                text24       000000
__Htext25                                text25       000000
__Htext26                                text26       000000
__Htext27                                text27       000000
__Htext28                                text28       000000
__Htext29                                text29       000000
__Htext3                                 text3        000000
__Htext30                                text30       000000
__Htext31                                text31       000000
__Htext32                                text32       000000
__Htext33                                text33       000000
__Htext34                                text34       000000
__Htext35                                text35       000000
__Htext36                                text36       000000
__Htext37                                text37       000000
__Htext38                                text38       000000
__Htext39                                text39       000000
__Htext4                                 text4        000000
__Htext40                                text40       000000
__Htext41                                text41       000000
__Htext42                                text42       000000
__Htext43                                text43       000000
__Htext44                                text44       000000
__Htext45                                text45       000000
__Htext46                                text46       000000
__Htext47                                text47       000000
__Htext48                                text48       000000
__Htext49                                text49       000000
__Htext5                                 text5        000000
__Htext50                                text50       000000
__Htext51                                text51       000000
__Htext52                                text52       000000
__Htext53                                text53       000000
__Htext54                                text54       000000
__Htext6                                 text6        000000
__Htext7                                 text7        000000
__Htext8                                 text8        000000
__Htext9                                 text9        000000
__LRAM                                   (abs)        000001
__L__absolute__                          __absolute__ 000000
__Labs1                                  abs1         000000
__Lbank0                                 bank0        000000
__Lbank1                                 bank1        000000
__Lbank10                                bank10       000000
__Lbank11                                bank11       000000
__Lbank12                                bank12       000000
__Lbank13                                bank13       000000
__Lbank14                                bank14       000000
__Lbank15                                bank15       000000
__Lbank2                                 bank2        000000
__Lbank3                                 bank3        000000
__Lbank4                                 bank4        000000
__Lbank5                                 bank5        000000
__Lbank6                                 bank6        000000
__Lbank7                                 bank7        000000
__Lbank8                                 bank8        000000
__Lbank9                                 bank9        000000
__Lbigbss                                bigbss       000000
__Lbigdata                               bigdata      000000
__Lbigram                                bigram       000000
__Lbigsfr                                bigsfr       000000
__Lbss                                   bss          000000
__LbssBANK0                              bssBANK0     000000
__LbssBANK1                              bssBANK1     000000
__Lcinit                                 cinit        000000
__Lclrtext                               clrtext      000000
__Lcomram                                comram       000000
__Lconfig                                config       000000
__Lconst                                 const        000000
__LcstackBANK0                           cstackBANK0  000000
__LcstackCOMRAM                          cstackCOMRAM 000000
__Ldata                                  data         000000
__LdataBANK0                             dataBANK0    000000
__Leeprom_data                           eeprom_data  000000
__Lfarbss                                farbss       000000
__Lfardata                               fardata      000000
__Lheap                                  heap         000000
__Libigdata                              ibigdata     000000
__Lidata                                 idata        000000
__LidataBANK0                            idataBANK0   000000
__Lidloc                                 idloc        000000
__Lifardata                              ifardata     000000
__Linit                                  init         000000
__Lintcode                               intcode      000000
__Lintcode_body                          intcode_body 000000
__Lintcodelo                             intcodelo    000000
__Lintentry                              intentry     000000
__Lintret                                intret       000000
__Lintsave_regs                          intsave_regs 000000
__Lirdata                                irdata       000000
__Lmediumconst                           mediumconst  000000
__LnvCOMRAM                              nvCOMRAM     000000
__LnvFARRAM                              nvFARRAM     000000
__Lnvbit                                 nvbit        000000
__Lnvrram                                nvrram       000000
__Lparam                                 rparam       000000
__Lpowerup                               powerup      000000
__Lram                                   ram          000000
__Lramtop                                ramtop       001000
__Lrbit                                  rbit         000000
__Lrbss                                  rbss         000000
__Lrdata                                 rdata        000000
__Lreset_vec                             reset_vec    000000
__Lrparam                                rparam       000000
__Lsfr                                   sfr          000000
__Lsivt_hi                               sivt_hi      000000
__Lsivt_lo                               sivt_lo      000000
__Lsmallconst                            smallconst   001000
__Lspace_0                               (abs)        000000
__Lspace_1                               (abs)        000000
__Lspace_2                               (abs)        000000
__Lspace_4                               (abs)        000000
__Lstack                                 stack        000000
__Lstruct                                struct       000000
__Ltemp                                  temp         000000
__Ltext                                  text         000000
__Ltext0                                 text0        000000
__Ltext1                                 text1        000000
__Ltext10                                text10       000000
__Ltext11                                text11       000000
__Ltext12                                text12       000000
__Ltext13                                text13       000000
__Ltext14                                text14       000000
__Ltext15                                text15       000000
__Ltext16                                text16       000000
__Ltext17                                text17       000000
__Ltext18                                text18       000000
__Ltext19                                text19       000000
__Ltext2                                 text2        000000
__Ltext20                                text20       000000
__Ltext21                                text21       000000
__Ltext22                                text22       000000
__Ltext23                                text23       000000
__Ltext24                                text24       000000
__Ltext25                                text25       000000
__Ltext26                                text26       000000
__Ltext27                                text27       000000
__Ltext28                                text28       000000
__Ltext29                                text29       000000
__Ltext3                                 text3        000000
__Ltext30                                text30       000000
__Ltext31                                text31       000000
__Ltext32                                text32       000000
__Ltext33                                text33       000000
__Ltext34                                text34       000000
__Ltext35                                text35       000000
__Ltext36                                text36       000000
__Ltext37                                text37       000000
__Ltext38                                text38       000000
__Ltext39                                text39       000000
__Ltext4                                 text4        000000
__Ltext40                                text40       000000
__Ltext41                                text41       000000
__Ltext42                                text42       000000
__Ltext43                                text43       000000
__Ltext44                                text44       000000
__Ltext45                                text45       000000
__Ltext46                                text46       000000
__Ltext47                                text47       000000
__Ltext48                                text48       000000
__Ltext49                                text49       000000
__Ltext5                                 text5        000000
__Ltext50                                text50       000000
__Ltext51                                text51       000000
__Ltext52                                text52       000000
__Ltext53                                text53       000000
__Ltext54                                text54       000000
__Ltext6                                 text6        000000
__Ltext7                                 text7        000000
__Ltext8                                 text8        000000
__Ltext9                                 text9        000000
__S0                                     (abs)        004C62
__S1                                     (abs)        000171
__S4                                     (abs)        000000
__S5                                     (abs)        000000
___aldiv                                 text42       00399C
___aldiv@counter                         cstackCOMRAM 000009
___aldiv@dividend                        cstackCOMRAM 000001
___aldiv@divisor                         cstackCOMRAM 000005
___aldiv@quotient                        cstackCOMRAM 00000B
___aldiv@sign                            cstackCOMRAM 00000A
___almod                                 text41       003DB0
___almod@counter                         cstackCOMRAM 000009
___almod@dividend                        cstackCOMRAM 000001
___almod@divisor                         cstackCOMRAM 000005
___almod@sign                            cstackCOMRAM 00000A
___fladd                                 text29       001A92
___fladd@a                               cstackCOMRAM 000005
___fladd@aexp                            cstackCOMRAM 00000E
___fladd@b                               cstackCOMRAM 000001
___fladd@bexp                            cstackCOMRAM 00000F
___fladd@grs                             cstackCOMRAM 000010
___fladd@signs                           cstackCOMRAM 00000D
___fldiv                                 text34       002B72
___fldiv@a                               cstackCOMRAM 000013
___fldiv@aexp                            cstackCOMRAM 000027
___fldiv@b                               cstackCOMRAM 00000F
___fldiv@bexp                            cstackCOMRAM 000026
___fldiv@grs                             cstackCOMRAM 000022
___fldiv@new_exp                         cstackCOMRAM 000020
___fldiv@rem                             cstackCOMRAM 00001B
___fldiv@sign                            cstackCOMRAM 00001F
___fleq                                  text33       00411C
___fleq@ff1                              cstackCOMRAM 000001
___fleq@ff2                              cstackCOMRAM 000005
___flge                                  text32       003BAE
___flge@ff1                              cstackCOMRAM 00001A
___flge@ff2                              cstackCOMRAM 00001E
___flmul                                 text31       001F52
___flmul@a                               cstackCOMRAM 000005
___flmul@aexp                            cstackCOMRAM 00000E
___flmul@b                               cstackCOMRAM 000001
___flmul@bexp                            cstackCOMRAM 000013
___flmul@grs                             cstackCOMRAM 00000F
___flmul@prod                            cstackCOMRAM 000014
___flmul@sign                            cstackCOMRAM 00000D
___flmul@temp                            cstackCOMRAM 000018
___flneg                                 text30       004AD6
___flneg@f1                              cstackCOMRAM 000001
___flsub                                 text28       0048D4
___flsub@a                               cstackCOMRAM 00001E
___flsub@b                               cstackCOMRAM 00001A
___fltol                                 text27       003AA8
___fltol@exp1                            cstackCOMRAM 00000A
___fltol@f1                              cstackCOMRAM 000001
___fltol@sign1                           cstackCOMRAM 000009
___fpclassifyf                           text26       003CB2
___fpclassifyf@F465                      bssBANK0     000084
___fpclassifyf@e                         cstackCOMRAM 000009
___fpclassifyf@u                         cstackCOMRAM 00000B
___fpclassifyf@x                         cstackCOMRAM 000001
___heap_hi                               (abs)        000000
___heap_lo                               (abs)        000000
___inthi_sp                              stack        000000
___inthi_stack_hi                        stack        000000
___inthi_stack_lo                        stack        000000
___intlo_sp                              stack        000000
___intlo_stack_hi                        stack        000000
___intlo_stack_lo                        stack        000000
___lldiv                                 text18       004310
___lldiv@counter                         cstackCOMRAM 00000D
___lldiv@dividend                        cstackCOMRAM 000001
___lldiv@divisor                         cstackCOMRAM 000005
___lldiv@quotient                        cstackCOMRAM 000009
___llmod                                 text17       0043B4
___llmod@counter                         cstackCOMRAM 000009
___llmod@dividend                        cstackCOMRAM 000001
___llmod@divisor                         cstackCOMRAM 000005
___lmul                                  text10       004536
___lmul@multiplicand                     cstackCOMRAM 000005
___lmul@multiplier                       cstackCOMRAM 000001
___lmul@product                          cstackCOMRAM 000009
___param_bank                            (abs)        000000
___rparam_used                           (abs)        000001
___sp                                    stack        000000
___stack_hi                              stack        000000
___stack_lo                              stack        000000
___wmul                                  text20       004BDC
___wmul@multiplicand                     cstackCOMRAM 000003
___wmul@multiplier                       cstackCOMRAM 000001
___wmul@product                          cstackCOMRAM 000005
___xxtofl                                text54       0032FE
___xxtofl@arg                            cstackCOMRAM 00000B
___xxtofl@exp                            cstackCOMRAM 00000A
___xxtofl@sign                           cstackCOMRAM 000009
___xxtofl@val                            cstackCOMRAM 000001
__accesstop                              (abs)        000080
__activetblptr                           (abs)        000002
__end_of___aldiv                         text42       003AA8
__end_of___almod                         text41       003E9C
__end_of___fladd                         text29       001F52
__end_of___fldiv                         text34       002F0C
__end_of___fleq                          text33       0041C6
__end_of___flge                          text32       003CB2
__end_of___flmul                         text31       00237C
__end_of___flneg                         text30       004B0E
__end_of___flsub                         text28       00491A
__end_of___fltol                         text27       003BAE
__end_of___fpclassifyf                   text26       003DB0
__end_of___lldiv                         text18       0043B4
__end_of___llmod                         text17       00443C
__end_of___lmul                          text10       0045A0
__end_of___wmul                          text20       004C02
__end_of___xxtofl                        text54       0034B2
__end_of__initialization                 cinit        004998
__end_of_abs                             text40       004BB0
__end_of_application_intialize           text44       004C60
__end_of_atol                            text9        003626
__end_of_btn_values                      smallconst   001011
__end_of_convert_float32_to_string       text12       0047DC
__end_of_convert_sint32_to_string        text11       004884
__end_of_convert_str_to_int              text8        004C26
__end_of_dtoa                            text35       0032FE
__end_of_ecu_layer_intialize             text45       004C5A
__end_of_efgtoa                          text21       001A92
__end_of_floorf                          text25       00311E
__end_of_fputc                           text38       00411C
__end_of_fputs                           text37       004A22
__end_of_gpio_pin_direction_intialize    text53       00388C
__end_of_gpio_pin_intialize              text51       0046CC
__end_of_gpio_pin_read_logic             text7        004310
__end_of_gpio_pin_write_logic            text52       00399C
__end_of_keypad_get_value                text6        003F80
__end_of_keypad_initialize               text50       004608
__end_of_labs                            text24       004832
__end_of_lcd_4bit_intialize              text46       004062
__end_of_lcd_4bit_send_char_data         text5        004728
__end_of_lcd_4bit_send_char_data_pos     text3        004A9C
__end_of_lcd_4bit_send_command           text47       004784
__end_of_lcd_4bit_send_enable_signal     text49       004C48
__end_of_lcd_4bit_send_string            text2        0044C0
__end_of_lcd_4bit_send_string_pos        text1        004B7C
__end_of_lcd_4bit_set_cursor             text4        004536
__end_of_lcd_send_4bits                  text48       004960
__end_of_main                            text0        002B72
__end_of_memcpy                          text23       0048D4
__end_of_memset                          text43       004B46
__end_of_pad                             text36       00466E
__end_of_putch                           text39       004C62
__end_of_read_prec_or_width              text19       00426C
__end_of_sprintf                         text13       0049E2
__end_of_strcpy                          text22       004AD6
__end_of_utoa                            text16       00377A
__end_of_vfpfcnvrt                       text15       002778
__end_of_vfprintf                        text14       004A60
__initialization                         cinit        004960
__mediumconst                            mediumconst  000000
__pbssBANK0                              bssBANK0     000080
__pbssBANK1                              bssBANK1     000100
__pcinit                                 cinit        004960
__pcstackBANK0                           cstackBANK0  0000DF
__pcstackCOMRAM                          cstackCOMRAM 000001
__pdataBANK0                             dataBANK0    0000B3
__pidataBANK0                            idataBANK0   004BB0
__pnvCOMRAM                              nvCOMRAM     00007F
__psmallconst                            smallconst   001000
__ptext0                                 text0        002778
__ptext1                                 text1        004B46
__ptext10                                text10       004536
__ptext11                                text11       004832
__ptext12                                text12       004784
__ptext13                                text13       0049A2
__ptext14                                text14       004A22
__ptext15                                text15       00237C
__ptext16                                text16       003626
__ptext17                                text17       0043B4
__ptext18                                text18       004310
__ptext19                                text19       0041C6
__ptext2                                 text2        00443C
__ptext20                                text20       004BDC
__ptext21                                text21       001066
__ptext22                                text22       004A9C
__ptext23                                text23       004884
__ptext24                                text24       0047DC
__ptext25                                text25       002F0C
__ptext26                                text26       003CB2
__ptext27                                text27       003AA8
__ptext28                                text28       0048D4
__ptext29                                text29       001A92
__ptext3                                 text3        004A60
__ptext30                                text30       004AD6
__ptext31                                text31       001F52
__ptext32                                text32       003BAE
__ptext33                                text33       00411C
__ptext34                                text34       002B72
__ptext35                                text35       00311E
__ptext36                                text36       004608
__ptext37                                text37       0049E2
__ptext38                                text38       004062
__ptext39                                text39       004C60
__ptext4                                 text4        0044C0
__ptext40                                text40       004B7C
__ptext41                                text41       003DB0
__ptext42                                text42       00399C
__ptext43                                text43       004B0E
__ptext44                                text44       004C5A
__ptext45                                text45       004C48
__ptext46                                text46       003F80
__ptext47                                text47       004728
__ptext48                                text48       00491A
__ptext49                                text49       004C26
__ptext5                                 text5        0046CC
__ptext50                                text50       0045A0
__ptext51                                text51       00466E
__ptext52                                text52       00388C
__ptext53                                text53       00377A
__ptext54                                text54       0032FE
__ptext6                                 text6        003E9C
__ptext7                                 text7        00426C
__ptext8                                 text8        004C02
__ptext9                                 text9        0034B2
__ramtop                                 ramtop       001000
__smallconst                             smallconst   001000
_abs                                     text40       004B7C
_application_intialize                   text44       004C5A
_atol                                    text9        0034B2
_btn_values                              smallconst   001001
_convert_float32_to_string               text12       004784
_convert_sint32_to_string                text11       004832
_convert_str_to_int                      text8        004C02
_dbuf                                    bssBANK1     000100
_dtoa                                    text35       00311E
_dtoa$1419                               cstackCOMRAM 00001C
_ecu_layer_intialize                     text45       004C48
_efgtoa                                  text21       001066
_efgtoa$1450                             cstackCOMRAM 00004A
_first_num                               bssBANK0     0000AF
_first_num_index                         bssBANK0     000097
_flags                                   bssBANK0     000094
_floorf                                  text25       002F0C
_fputc                                   text38       004062
_fputs                                   text37       0049E2
_gpio_pin_direction_intialize            text53       00377A
_gpio_pin_intialize                      text51       00466E
_gpio_pin_read_logic                     text7        00426C
_gpio_pin_write_logic                    text52       00388C
_int_res                                 bssBANK0     00008C
_keypad                                  dataBANK0    0000D1
_keypad_get_value                        text6        003E9C
_keypad_initialize                       text50       0045A0
_labs                                    text24       0047DC
_lat_registers                           dataBANK0    0000BD
_lcd_4                                   dataBANK0    0000D9
_lcd_4bit_intialize                      text46       003F80
_lcd_4bit_send_char_data                 text5        0046CC
_lcd_4bit_send_char_data_pos             text3        004A60
_lcd_4bit_send_command                   text47       004728
_lcd_4bit_send_enable_signal             text49       004C26
_lcd_4bit_send_string                    text2        00443C
_lcd_4bit_send_string_pos                text1        004B46
_lcd_4bit_set_cursor                     text4        0044C0
_lcd_send_4bits                          text48       00491A
_main                                    text0        002778
_memcpy                                  text23       004884
_memset                                  text43       004B0E
_op                                      bssBANK0     000095
_pad                                     text36       004608
_port_registers                          dataBANK0    0000B3
_prec                                    bssBANK0     000092
_putch                                   text39       004C60
_read_prec_or_width                      text19       0041C6
_res                                     bssBANK0     000088
_ret                                     bssBANK0     000098
_sec_num                                 bssBANK0     0000AB
_sec_num_index                           bssBANK0     000096
_sprintf                                 text13       0049A2
_str_first_number                        bssBANK1     000166
_str_int_res                             bssBANK0     0000A0
_str_res                                 bssBANK1     000150
_str_sec_number                          bssBANK1     00015B
_strcpy                                  text22       004A9C
_tris_registers                          dataBANK0    0000C7
_utoa                                    text16       003626
_val                                     nvCOMRAM     00007F
_vfpfcnvrt                               text15       00237C
_vfprintf                                text14       004A22
_width                                   bssBANK0     000090
abs@a                                    cstackCOMRAM 00000B
atol@n                                   cstackCOMRAM 000017
atol@neg                                 cstackCOMRAM 000016
atol@s                                   cstackCOMRAM 00000D
convert_float32_to_string@str            cstackBANK0  0000F8
convert_float32_to_string@value          cstackBANK0  0000F4
convert_sint32_to_string@str             cstackBANK0  0000F8
convert_sint32_to_string@value           cstackBANK0  0000F4
convert_str_to_int@num                   cstackCOMRAM 00001D
convert_str_to_int@str                   cstackCOMRAM 00001B
dtoa@d                                   cstackCOMRAM 000018
dtoa@fp                                  cstackCOMRAM 000017
dtoa@i                                   cstackCOMRAM 000023
dtoa@p                                   cstackCOMRAM 00001E
dtoa@s                                   cstackCOMRAM 000022
dtoa@w                                   cstackCOMRAM 000020
efgtoa@c                                 cstackCOMRAM 000041
efgtoa@d                                 cstackCOMRAM 00004F
efgtoa@e                                 cstackCOMRAM 000053
efgtoa@f                                 cstackCOMRAM 00003D
efgtoa@fp                                cstackCOMRAM 00003C
efgtoa@g                                 cstackCOMRAM 000066
efgtoa@h                                 cstackCOMRAM 00005B
efgtoa@i                                 cstackCOMRAM 000063
efgtoa@l                                 cstackCOMRAM 00005F
efgtoa@m                                 cstackCOMRAM 000051
efgtoa@mode                              cstackCOMRAM 00004D
efgtoa@n                                 cstackCOMRAM 00006A
efgtoa@ne                                cstackCOMRAM 000044
efgtoa@nmode                             cstackCOMRAM 00004E
efgtoa@ou                                cstackCOMRAM 000055
efgtoa@p                                 cstackCOMRAM 000046
efgtoa@pp                                cstackCOMRAM 00004C
efgtoa@sign                              cstackCOMRAM 000065
efgtoa@t                                 cstackCOMRAM 000048
efgtoa@u                                 cstackCOMRAM 00006C
efgtoa@w                                 cstackCOMRAM 000059
end_of_initialization                    cinit        004998
floorf@F521                              bssBANK0     000080
floorf@e                                 cstackCOMRAM 000036
floorf@m                                 cstackCOMRAM 000032
floorf@u                                 cstackCOMRAM 000038
floorf@x                                 cstackCOMRAM 000028
fputc@c                                  cstackCOMRAM 000001
fputc@fp                                 cstackCOMRAM 000003
fputs@c                                  cstackCOMRAM 00000C
fputs@fp                                 cstackCOMRAM 00000B
fputs@i                                  cstackCOMRAM 00000D
fputs@s                                  cstackCOMRAM 000009
gpio_pin_direction_intialize@_pin_config cstackCOMRAM 000001
gpio_pin_direction_intialize@ret         cstackCOMRAM 000007
gpio_pin_intialize@_pin_config           cstackCOMRAM 000009
gpio_pin_intialize@ret                   cstackCOMRAM 00000B
gpio_pin_read_logic@_pin_config          cstackCOMRAM 000001
gpio_pin_read_logic@logic                cstackCOMRAM 000002
gpio_pin_read_logic@ret                  cstackCOMRAM 000007
gpio_pin_write_logic@_pin_config         cstackCOMRAM 000001
gpio_pin_write_logic@logic               cstackCOMRAM 000002
gpio_pin_write_logic@ret                 cstackCOMRAM 000008
intlevel0                                text         000000
intlevel1                                text         000000
intlevel2                                text         000000
intlevel3                                text         000000
isa$std                                  (abs)        000001
isa$xinst                                (abs)        000000
keypad_get_value@_keypad_obj             cstackCOMRAM 000009
keypad_get_value@columns_counter         cstackCOMRAM 00000F
keypad_get_value@counter                 cstackCOMRAM 00000D
keypad_get_value@logic                   cstackCOMRAM 00000C
keypad_get_value@rows_counter            cstackCOMRAM 00000E
keypad_get_value@value                   cstackCOMRAM 00000A
keypad_initialize@_keypad_obj            cstackCOMRAM 00000C
keypad_initialize@columns_counter        cstackCOMRAM 00000F
keypad_initialize@ret                    cstackCOMRAM 00000D
keypad_initialize@rows_counter           cstackCOMRAM 00000E
labs@a                                   cstackCOMRAM 000001
lcd_4bit_intialize@data_pins_counter     cstackCOMRAM 000014
lcd_4bit_intialize@lcd                   cstackCOMRAM 000011
lcd_4bit_intialize@ret                   cstackCOMRAM 000013
lcd_4bit_send_char_data@data             cstackCOMRAM 00000F
lcd_4bit_send_char_data@lcd              cstackCOMRAM 00000E
lcd_4bit_send_char_data@ret              cstackCOMRAM 000010
lcd_4bit_send_char_data_pos@column       cstackCOMRAM 000016
lcd_4bit_send_char_data_pos@data         cstackCOMRAM 000017
lcd_4bit_send_char_data_pos@lcd          cstackCOMRAM 000014
lcd_4bit_send_char_data_pos@ret          cstackCOMRAM 000018
lcd_4bit_send_char_data_pos@row          cstackCOMRAM 000015
lcd_4bit_send_command@command            cstackCOMRAM 00000F
lcd_4bit_send_command@lcd                cstackCOMRAM 00000E
lcd_4bit_send_command@ret                cstackCOMRAM 000010
lcd_4bit_send_enable_signal@lcd          cstackCOMRAM 000009
lcd_4bit_send_string@lcd                 cstackCOMRAM 000011
lcd_4bit_send_string@ret                 cstackCOMRAM 000014
lcd_4bit_send_string@str                 cstackCOMRAM 000012
lcd_4bit_send_string_pos@column          cstackCOMRAM 000017
lcd_4bit_send_string_pos@lcd             cstackCOMRAM 000015
lcd_4bit_send_string_pos@row             cstackCOMRAM 000016
lcd_4bit_send_string_pos@str             cstackCOMRAM 000018
lcd_4bit_set_cursor@column               cstackCOMRAM 000013
lcd_4bit_set_cursor@lcd                  cstackCOMRAM 000011
lcd_4bit_set_cursor@row                  cstackCOMRAM 000012
lcd_send_4bits@_data_command             cstackCOMRAM 00000A
lcd_send_4bits@data_pin_counter          cstackCOMRAM 00000D
lcd_send_4bits@lcd                       cstackCOMRAM 000009
led_initialize@F3028                     bssBANK0     00009F
led_turn_off@F3038                       bssBANK0     00009D
led_turn_on@F3033                        bssBANK0     00009E
led_turn_toggle@F3043                    bssBANK0     00009C
memcpy@d                                 cstackCOMRAM 000008
memcpy@d1                                cstackCOMRAM 000001
memcpy@n                                 cstackCOMRAM 000005
memcpy@s                                 cstackCOMRAM 00000A
memcpy@s1                                cstackCOMRAM 000003
memcpy@tmp                               cstackCOMRAM 000007
memset@c                                 cstackCOMRAM 000003
memset@dest                              cstackCOMRAM 000001
memset@n                                 cstackCOMRAM 000005
memset@p                                 cstackCOMRAM 000007
pad@buf                                  cstackCOMRAM 000010
pad@fp                                   cstackCOMRAM 00000F
pad@i                                    cstackCOMRAM 000015
pad@p                                    cstackCOMRAM 000012
read_prec_or_width@ap                    cstackCOMRAM 000008
read_prec_or_width@c                     cstackCOMRAM 000009
read_prec_or_width@fmt                   cstackCOMRAM 000007
read_prec_or_width@n                     cstackCOMRAM 00000A
relay_initialize@F3022                   bssBANK0     00009B
relay_turn_off@F3032                     bssBANK0     000099
relay_turn_on@F3027                      bssBANK0     00009A
sprintf@ap                               cstackBANK0  0000E7
sprintf@f                                cstackBANK0  0000E8
sprintf@fmt                              cstackBANK0  0000E2
sprintf@s                                cstackBANK0  0000E0
stackhi                                  (abs)        000000
stacklo                                  (abs)        000000
start                                    init         000000
start_initialization                     cinit        004960
strcpy@d                                 cstackCOMRAM 000005
strcpy@dest                              cstackCOMRAM 000001
strcpy@src                               cstackCOMRAM 000003
utoa@d                                   cstackCOMRAM 000018
utoa@fp                                  cstackCOMRAM 000017
utoa@i                                   cstackCOMRAM 000020
utoa@p                                   cstackCOMRAM 00001C
utoa@w                                   cstackCOMRAM 00001E
vfpfcnvrt@ap                             cstackCOMRAM 000072
vfpfcnvrt@c                              cstackCOMRAM 00007A
vfpfcnvrt@convarg                        cstackCOMRAM 000076
vfpfcnvrt@cp                             cstackCOMRAM 00007B
vfpfcnvrt@done                           cstackCOMRAM 000075
vfpfcnvrt@fmt                            cstackCOMRAM 000071
vfpfcnvrt@fp                             cstackCOMRAM 000070
vfprintf@ap                              cstackCOMRAM 00007E
vfprintf@cfmt                            cstackBANK0  0000DF
vfprintf@fmt                             cstackCOMRAM 00007D
vfprintf@fp                              cstackCOMRAM 00007C


MODULE INFORMATION

Module		Function		Class		Link	Load	Size
C:\Program Files\Microchip\xc8\v2.46\pic\sources\c99\common\fltol.c
		___fltol       		CODE           	3AA8	0000	262

C:\Program Files\Microchip\xc8\v2.46\pic\sources\c99\common\fltol.c estimated size: 262

ECU_layer/KeyPad/ecu_keypad.c
		_keypad_get_value		CODE           	3E9C	0000	228
		_keypad_initialize		CODE           	45A0	0000	104

ECU_layer/KeyPad/ecu_keypad.c estimated size: 332

MCAL_layer/GPIO/hal_gpio.c
		_gpio_pin_write_logic		CODE           	388C	0000	272
		_gpio_pin_intialize		CODE           	466E	0000	94
		_gpio_pin_read_logic		CODE           	426C	0000	164
		_gpio_pin_direction_intialize		CODE           	377A	0000	274

MCAL_layer/GPIO/hal_gpio.c estimated size: 804

C:\Program Files\Microchip\xc8\v2.46\pic\sources\c99\common\floorf.c
		_floorf        		CODE           	2F0C	0000	530

C:\Program Files\Microchip\xc8\v2.46\pic\sources\c99\common\floorf.c estimated size: 530

C:\Program Files\Microchip\xc8\v2.46\pic\sources\c99\common\nf_fputc.c
		_fputc         		CODE           	4062	0000	186

C:\Program Files\Microchip\xc8\v2.46\pic\sources\c99\common\nf_fputc.c estimated size: 186

C:\Program Files\Microchip\xc8\v2.46\pic\sources\c99\common\xxtofl.c
		___xxtofl      		CODE           	32FE	0000	436

C:\Program Files\Microchip\xc8\v2.46\pic\sources\c99\common\xxtofl.c estimated size: 436

C:\Program Files\Microchip\xc8\v2.46\pic\sources\c99\common\aldiv.c
		___aldiv       		CODE           	399C	0000	268

C:\Program Files\Microchip\xc8\v2.46\pic\sources\c99\common\aldiv.c estimated size: 268

C:\Program Files\Microchip\xc8\v2.46\pic\sources\c99\common\flneg.c
		___flneg       		CODE           	4AD6	0000	56

C:\Program Files\Microchip\xc8\v2.46\pic\sources\c99\common\flneg.c estimated size: 56

C:\Program Files\Microchip\xc8\v2.46\pic\sources\c99\common\__fpclassifyf.c
		___fpclassifyf 		CODE           	3CB2	0000	254

C:\Program Files\Microchip\xc8\v2.46\pic\sources\c99\common\__fpclassifyf.c estimated size: 254

C:\Program Files\Microchip\xc8\v2.46\pic\sources\c99\common\sprcmul.c
		___flmul       		CODE           	1F52	0000	1066

C:\Program Files\Microchip\xc8\v2.46\pic\sources\c99\common\sprcmul.c estimated size: 1066

C:\Program Files\Microchip\xc8\v2.46\pic\sources\c99\common\strcpy.c
		_strcpy        		CODE           	4A9C	0000	58

C:\Program Files\Microchip\xc8\v2.46\pic\sources\c99\common\strcpy.c estimated size: 58

C:\Program Files\Microchip\xc8\v2.46\pic\sources\c99\common\memset.c
		_memset        		CODE           	4B0E	0000	56

C:\Program Files\Microchip\xc8\v2.46\pic\sources\c99\common\memset.c estimated size: 56

C:\Program Files\Microchip\xc8\v2.46\pic\sources\c99\common\sprcdiv.c
		___fldiv       		CODE           	2B72	0000	922

C:\Program Files\Microchip\xc8\v2.46\pic\sources\c99\common\sprcdiv.c estimated size: 922

C:\Program Files\Microchip\xc8\v2.46\pic\sources\c99\common\fleq.c
		___fleq        		CODE           	411C	0000	170

C:\Program Files\Microchip\xc8\v2.46\pic\sources\c99\common\fleq.c estimated size: 170

C:\Program Files\Microchip\xc8\v2.46\pic\sources\c99\common\doprnt.c
		_read_prec_or_width		CODE           	41C6	0000	166
		_vfpfcnvrt     		CODE           	237C	0000	1020
		_efgtoa        		CODE           	1066	0000	2604
		_pad           		CODE           	4608	0000	102
		_dtoa          		CODE           	311E	0000	480
		_vfprintf      		CODE           	4A22	0000	62
		_utoa          		CODE           	3626	0000	340

C:\Program Files\Microchip\xc8\v2.46\pic\sources\c99\common\doprnt.c estimated size: 4774

C:\Program Files\Microchip\xc8\v2.46\pic\sources\c99\common\nf_sprintf.c
		_sprintf       		CODE           	49A2	0000	64

C:\Program Files\Microchip\xc8\v2.46\pic\sources\c99\common\nf_sprintf.c estimated size: 64

ECU_layer/ecu_layer_inti.c
		_ecu_layer_intialize		CODE           	4C48	0000	18

ECU_layer/ecu_layer_inti.c estimated size: 18

shared
		_btn_values    		SMALLCONST     	1001	0000	16
		__initialization		CODE           	4960	0000	56

shared estimated size: 72

C:\Program Files\Microchip\xc8\v2.46\pic\sources\c99\common\__lldiv.c
		___lldiv       		CODE           	4310	0000	164

C:\Program Files\Microchip\xc8\v2.46\pic\sources\c99\common\__lldiv.c estimated size: 164

C:\Program Files\Microchip\xc8\v2.46\pic\sources\c99\common\putch.c
		_putch         		CODE           	4C60	0000	2

C:\Program Files\Microchip\xc8\v2.46\pic\sources\c99\common\putch.c estimated size: 2

C:\Program Files\Microchip\xc8\v2.46\pic\sources\c99\common\Umul16.c
		___wmul        		CODE           	4BDC	0000	38

C:\Program Files\Microchip\xc8\v2.46\pic\sources\c99\common\Umul16.c estimated size: 38

C:\Program Files\Microchip\xc8\v2.46\pic\sources\c99\common\nf_fputs.c
		_fputs         		CODE           	49E2	0000	64

C:\Program Files\Microchip\xc8\v2.46\pic\sources\c99\common\nf_fputs.c estimated size: 64

C:\Program Files\Microchip\xc8\v2.46\pic\sources\c99\common\sprcadd.c
		___flsub       		CODE           	48D4	0000	70
		___fladd       		CODE           	1A92	0000	1216

C:\Program Files\Microchip\xc8\v2.46\pic\sources\c99\common\sprcadd.c estimated size: 1286

C:\Program Files\Microchip\xc8\v2.46\pic\sources\c99\common\memcpy.c
		_memcpy        		CODE           	4884	0000	80

C:\Program Files\Microchip\xc8\v2.46\pic\sources\c99\common\memcpy.c estimated size: 80

C:\Program Files\Microchip\xc8\v2.46\pic\sources\c99\common\labs.c
		_labs          		CODE           	47DC	0000	86

C:\Program Files\Microchip\xc8\v2.46\pic\sources\c99\common\labs.c estimated size: 86

C:\Program Files\Microchip\xc8\v2.46\pic\sources\c99\common\abs.c
		_abs           		CODE           	4B7C	0000	52

C:\Program Files\Microchip\xc8\v2.46\pic\sources\c99\common\abs.c estimated size: 52

ECU_layer/Char_LCD/ecu_char_lcd.c
		_lcd_4bit_send_command		CODE           	4728	0000	92
		_lcd_4bit_send_string_pos		CODE           	4B46	0000	54
		_lcd_4bit_send_char_data		CODE           	46CC	0000	92
		_lcd_send_4bits		CODE           	491A	0000	70
		_lcd_4bit_intialize		CODE           	3F80	0000	226
		_lcd_4bit_send_char_data_pos		CODE           	4A60	0000	60
		_convert_sint32_to_string		CODE           	4832	0000	82
		_lcd_4bit_set_cursor		CODE           	44C0	0000	118
		_lcd_4bit_send_enable_signal		CODE           	4C26	0000	34
		_convert_float32_to_string		CODE           	4784	0000	88
		_lcd_4bit_send_string		CODE           	443C	0000	132

ECU_layer/Char_LCD/ecu_char_lcd.c estimated size: 1048

application.c
		_main          		CODE           	2778	0000	1018
		_application_intialize		CODE           	4C5A	0000	6
		_convert_str_to_int		CODE           	4C02	0000	36

application.c estimated size: 1060

C:\Program Files\Microchip\xc8\v2.46\pic\sources\c99\common\atol.c
		_atol          		CODE           	34B2	0000	372

C:\Program Files\Microchip\xc8\v2.46\pic\sources\c99\common\atol.c estimated size: 372

C:\Program Files\Microchip\xc8\v2.46\pic\sources\c99\common\llmod.c
		___llmod       		CODE           	43B4	0000	136

C:\Program Files\Microchip\xc8\v2.46\pic\sources\c99\common\llmod.c estimated size: 136

C:\Program Files\Microchip\xc8\v2.46\pic\sources\c99\common\almod.c
		___almod       		CODE           	3DB0	0000	236

C:\Program Files\Microchip\xc8\v2.46\pic\sources\c99\common\almod.c estimated size: 236

C:\Program Files\Microchip\xc8\v2.46\pic\sources\c99\common\Umul32.c
		___lmul        		CODE           	4536	0000	106

C:\Program Files\Microchip\xc8\v2.46\pic\sources\c99\common\Umul32.c estimated size: 106

C:\Program Files\Microchip\xc8\v2.46\pic\sources\c99\common\flge.c
		___flge        		CODE           	3BAE	0000	260

C:\Program Files\Microchip\xc8\v2.46\pic\sources\c99\common\flge.c estimated size: 260

